$ vite build
vite v8.1.4 building client environment for production...
[2Ktransforming...
[@tanstack/devtools-vite] Removed devtools code from: /src/routes/__root.tsx

✓ 123 modules transformed.
rendering chunks...
computing gzip size...
.output/public/assets/styles-3mQ78HVc.css    4.94 kB │ gzip:   1.66 kB
.output/public/assets/routes-voAoPGzL.js     0.35 kB │ gzip:   0.25 kB
.output/public/assets/index-BRVWjRGR.js    316.02 kB │ gzip: 100.22 kB

✓ built in 167ms
vite v8.1.4 building ssr environment for production...
[2Ktransforming...
[@tanstack/devtools-vite] Removed devtools code from: /src/routes/__root.tsx

✓ 105 modules transformed.
rendering chunks...
computing gzip size...
node_modules/.nitro/vite/services/ssr/assets/styles-3mQ78HVc.css                       4.94 kB │ gzip:  1.66 kB
node_modules/.nitro/vite/services/ssr/assets/start-YqWmKxC5.js                         0.29 kB │ gzip:  0.22 kB
node_modules/.nitro/vite/services/ssr/assets/empty-plugin-adapters-2JLvKHO4.js         0.31 kB │ gzip:  0.21 kB
node_modules/.nitro/vite/services/ssr/assets/_tanstack-start-manifest_v-D6C4_PdO.js    0.52 kB │ gzip:  0.30 kB
node_modules/.nitro/vite/services/ssr/assets/routes-Cmc_uzpb.js                        0.53 kB │ gzip:  0.31 kB
node_modules/.nitro/vite/services/ssr/assets/router-Dg9zcuI4.js                        1.55 kB │ gzip:  0.72 kB
node_modules/.nitro/vite/services/ssr/index.js                                       172.63 kB │ gzip: 43.07 kB

✓ built in 160ms

[nitro] ◐ Building [Nitro] (preset: node-server, compatibility: 2026-07-11)
[nitro] ✔ Generated public .output/public
vite v8.1.4 building nitro environment for production...
[2Ktransforming...✓ 166 modules transformed.
rendering chunks...
computing gzip size...
.output/server/_ssr/start-YqWmKxC5.mjs                    0.14 kB │ gzip:   0.13 kB
.output/server/_ssr/empty-plugin-adapters-2JLvKHO4.mjs    0.23 kB │ gzip:   0.16 kB
.output/server/_tanstack-start-manifest_v-D6C4_PdO.mjs    0.57 kB │ gzip:   0.34 kB
.output/server/_ssr/routes-Cmc_uzpb.mjs                   0.74 kB │ gzip:   0.39 kB
.output/server/_chunks/ssr-renderer.mjs                   1.24 kB │ gzip:   0.59 kB
.output/server/_runtime.mjs                               1.26 kB │ gzip:   0.63 kB
.output/server/_ssr/router-Dg9zcuI4.mjs                   1.59 kB │ gzip:   0.75 kB
.output/server/_libs/ufo.mjs                              2.19 kB │ gzip:   0.71 kB
.output/server/_libs/tanstack__history.mjs               10.71 kB │ gzip:   3.13 kB
.output/server/index.mjs                                 12.87 kB │ gzip:   4.08 kB
.output/server/_libs/h3+rou3+srvx.mjs                    46.25 kB │ gzip:  12.54 kB
.output/server/_ssr/ssr.mjs                             165.36 kB │ gzip:  42.07 kB
.output/server/_libs/@tanstack/react-router+[...].mjs   689.92 kB │ gzip: 143.95 kB

✓ built in 130ms
ℹ Generated .output/nitro.json

[nitro] ✔ You can preview this build using npx vite preview
